V3 26
FL C:/Users/Propietario/Desktop/DLP/CircuitoSecuencial/contador.vhd 2019/03/01.10:23:11 P.20131013
EN work/contador 1551512370 \
      FL C:/Users/Propietario/Desktop/DLP/CircuitoSecuencial/contador.vhd \
      PB ieee/std_logic_1164 1381692176 PB ieee/STD_LOGIC_UNSIGNED 1381692179 \
      PB ieee/std_logic_arith 1381692177
AR work/contador/arch 1551512371 \
      FL C:/Users/Propietario/Desktop/DLP/CircuitoSecuencial/contador.vhd \
      EN work/contador 1551512370
FL C:/Users/Propietario/Desktop/DLP/CircuitoSecuencial/Experimento1.vhd 2019/03/01.23:39:28 P.20131013
EN work/Experimento1 1551505172 \
      FL C:/Users/Propietario/Desktop/DLP/CircuitoSecuencial/Experimento1.vhd \
      PB ieee/std_logic_1164 1381692176 PB ieee/std_logic_arith 1381692177 \
      PB ieee/STD_LOGIC_UNSIGNED 1381692179
AR work/Experimento1/arch 1551505173 \
      FL C:/Users/Propietario/Desktop/DLP/CircuitoSecuencial/Experimento1.vhd \
      EN work/Experimento1 1551505172
FL C:/Users/Propietario/Desktop/DLP/CircuitoSecuencial/hex7seg.vhd 2019/03/01.10:09:35 P.20131013
EN work/hex7seg 1551512372 \
      FL C:/Users/Propietario/Desktop/DLP/CircuitoSecuencial/hex7seg.vhd \
      PB ieee/std_logic_1164 1381692176
AR work/hex7seg/arch 1551512373 \
      FL C:/Users/Propietario/Desktop/DLP/CircuitoSecuencial/hex7seg.vhd \
      EN work/hex7seg 1551512372
FL C:/Users/Propietario/Desktop/DLP/CircuitoSecuencial/modulo_top.vhd 2019/02/28.20:24:34 P.20131013
EN work/modulo_top 1551512378 \
      FL C:/Users/Propietario/Desktop/DLP/CircuitoSecuencial/modulo_top.vhd \
      PB ieee/std_logic_1164 1381692176
AR work/modulo_top/arch 1551512379 \
      FL C:/Users/Propietario/Desktop/DLP/CircuitoSecuencial/modulo_top.vhd \
      EN work/modulo_top 1551512378 CP contador CP hex7seg CP mux4x1 CP selector_an
FL C:/Users/Propietario/Desktop/DLP/CircuitoSecuencial/mux4x1.vhd 2019/02/28.20:23:20 P.20131013
EN work/mux4x1 1551512374 \
      FL C:/Users/Propietario/Desktop/DLP/CircuitoSecuencial/mux4x1.vhd \
      PB ieee/std_logic_1164 1381692176
AR work/mux4x1/arch 1551512375 \
      FL C:/Users/Propietario/Desktop/DLP/CircuitoSecuencial/mux4x1.vhd \
      EN work/mux4x1 1551512374
FL C:/Users/Propietario/Desktop/DLP/CircuitoSecuencial/selector_an.vhd 2019/02/28.19:33:47 P.20131013
EN work/selector_an 1551512376 \
      FL C:/Users/Propietario/Desktop/DLP/CircuitoSecuencial/selector_an.vhd \
      PB ieee/std_logic_1164 1381692176
AR work/selector_an/arch 1551512377 \
      FL C:/Users/Propietario/Desktop/DLP/CircuitoSecuencial/selector_an.vhd \
      EN work/selector_an 1551512376
FL C:/Users/Propietario/Desktop/DLP/Practica2/contador.vhd 2019/03/01.10:23:11 P.20131013
FL C:/Users/Propietario/Desktop/DLP/Practica2/hex7seg.vhd 2019/03/01.10:09:35 P.20131013
FL C:/Users/Propietario/Desktop/DLP/Practica2/mux4x1.vhd 2019/02/28.20:23:20 P.20131013
FL C:/Users/Propietario/Desktop/DLP/Practica2/selector_an.vhd 2019/02/28.19:33:47 P.20131013
