EN lectura NULL C:/Users/Propietario/Desktop/DLP/ADCSerial/ADCSerial/Lectura.vhd sub00/vhpl06 1555045313
AR divisor arch C:/Users/Propietario/Desktop/DLP/ADCSerial/ADCSerial/Divisor.vhd sub00/vhpl05 1555045312
AR adc arch C:/Users/Propietario/Desktop/DLP/ADCSerial/ADCSerial/ADC.vhd sub00/vhpl01 1555045316
EN divisor NULL C:/Users/Propietario/Desktop/DLP/ADCSerial/ADCSerial/Divisor.vhd sub00/vhpl04 1555045311
AR contador arch C:/Users/Propietario/Desktop/DLP/ADCSerial/ADCSerial/Contador.vhd sub00/vhpl03 1555045310
EN adc NULL C:/Users/Propietario/Desktop/DLP/ADCSerial/ADCSerial/ADC.vhd sub00/vhpl00 1555045315
EN contador NULL C:/Users/Propietario/Desktop/DLP/ADCSerial/ADCSerial/Contador.vhd sub00/vhpl02 1555045309
AR lectura arch C:/Users/Propietario/Desktop/DLP/ADCSerial/ADCSerial/Lectura.vhd sub00/vhpl07 1555045314
