AR clock arq C:/Users/Propietario/Desktop/DLP/Practica3/clock.vhd sub00/vhpl03 1553219981
EN clock NULL C:/Users/Propietario/Desktop/DLP/Practica3/clock.vhd sub00/vhpl02 1553219980
EN top_module NULL C:/Users/Propietario/Desktop/DLP/Practica3/top_module.vhd sub00/vhpl00 1553219986
AR semaforo arq C:/Users/Propietario/Desktop/DLP/Practica3/semaforo.vhd sub00/vhpl05 1553219983
AR contador arq C:/Users/Propietario/Desktop/DLP/Practica3/contador.vhd sub00/vhpl07 1553219985
AR top_module arq C:/Users/Propietario/Desktop/DLP/Practica3/top_module.vhd sub00/vhpl01 1553219987
EN contador NULL C:/Users/Propietario/Desktop/DLP/Practica3/contador.vhd sub00/vhpl06 1553219984
EN semaforo NULL C:/Users/Propietario/Desktop/DLP/Practica3/semaforo.vhd sub00/vhpl04 1553219982
